0
0
[]
[]
